2018-12-28 09:40:15,708-INFO-my_log.py--tingzi日志信息: ======================开始测试===========================
2018-12-28 09:40:15,731-INFO-my_log.py--tingzi日志信息: 账户余额=2222.88
2018-12-28 09:40:15,734-INFO-my_log.py--tingzi日志信息: ============测试用例的title为： 正常登录==============case_id=1
2018-12-28 09:40:15,766-ERROR-my_log.py--tingzi日志信息: 测试结果是：PASS
2018-12-28 09:40:15,896-ERROR-my_log.py--tingzi日志信息: 充值金额= 0
2018-12-28 09:40:15,899-ERROR-my_log.py--tingzi日志信息: 用户实际余额=2222.88
2018-12-28 09:40:15,932-ERROR-my_log.py--tingzi日志信息: 账户余额正确！
2018-12-28 09:40:15,935-INFO-my_log.py--tingzi日志信息: ======================结束测试===========================
2018-12-28 09:40:15,945-INFO-my_log.py--tingzi日志信息: ======================开始测试===========================
2018-12-28 09:40:15,966-INFO-my_log.py--tingzi日志信息: 账户余额=2222.88
2018-12-28 09:40:15,969-INFO-my_log.py--tingzi日志信息: ============测试用例的title为： 充值成功==============case_id=2
2018-12-28 09:40:16,064-ERROR-my_log.py--tingzi日志信息: 测试结果是：PASS
2018-12-28 09:40:16,202-ERROR-my_log.py--tingzi日志信息: 充值金额=2000
2018-12-28 09:40:16,205-ERROR-my_log.py--tingzi日志信息: 用户实际余额=4222.88
2018-12-28 09:40:16,225-ERROR-my_log.py--tingzi日志信息: 账户余额正确！
2018-12-28 09:40:16,228-INFO-my_log.py--tingzi日志信息: ======================结束测试===========================
2018-12-28 09:40:16,233-INFO-my_log.py--tingzi日志信息: ======================开始测试===========================
2018-12-28 09:40:16,253-INFO-my_log.py--tingzi日志信息: 账户余额=4222.88
2018-12-28 09:40:16,256-INFO-my_log.py--tingzi日志信息: ============测试用例的title为： 充值手机号为空==============case_id=3
2018-12-28 09:40:16,285-ERROR-my_log.py--tingzi日志信息: 测试结果是：PASS
2018-12-28 09:40:16,415-ERROR-my_log.py--tingzi日志信息: 充值金额= 0
2018-12-28 09:40:16,418-ERROR-my_log.py--tingzi日志信息: 用户实际余额=4222.88
2018-12-28 09:40:16,441-ERROR-my_log.py--tingzi日志信息: 账户余额正确！
2018-12-28 09:40:16,444-INFO-my_log.py--tingzi日志信息: ======================结束测试===========================
2018-12-28 09:40:16,448-INFO-my_log.py--tingzi日志信息: ======================开始测试===========================
2018-12-28 09:40:16,468-INFO-my_log.py--tingzi日志信息: 账户余额=4222.88
2018-12-28 09:40:16,471-INFO-my_log.py--tingzi日志信息: ============测试用例的title为： 充值金额为空==============case_id=4
2018-12-28 09:40:16,496-ERROR-my_log.py--tingzi日志信息: 测试结果是：PASS
2018-12-28 09:40:16,604-ERROR-my_log.py--tingzi日志信息: 充值金额= 0
2018-12-28 09:40:16,607-ERROR-my_log.py--tingzi日志信息: 用户实际余额=4222.88
2018-12-28 09:40:16,629-ERROR-my_log.py--tingzi日志信息: 账户余额正确！
2018-12-28 09:40:16,631-INFO-my_log.py--tingzi日志信息: ======================结束测试===========================
2018-12-28 09:40:16,634-INFO-my_log.py--tingzi日志信息: ======================开始测试===========================
2018-12-28 09:40:16,655-INFO-my_log.py--tingzi日志信息: 账户余额=4222.88
2018-12-28 09:40:16,658-INFO-my_log.py--tingzi日志信息: ============测试用例的title为： 充值手机号格式错误==============case_id=5
2018-12-28 09:40:16,722-ERROR-my_log.py--tingzi日志信息: 断言报错啦！，错误原因：'20109' != '10001'
- 20109
+ 10001

2018-12-28 09:40:16,727-ERROR-my_log.py--tingzi日志信息: 测试结果是：False
2018-12-28 09:40:16,850-ERROR-my_log.py--tingzi日志信息: 充值金额=100
2018-12-28 09:40:16,853-ERROR-my_log.py--tingzi日志信息: 用户实际余额=4222.88
2018-12-28 09:40:16,873-ERROR-my_log.py--tingzi日志信息: 数据库账户余额不等于实际余额，错误原因:4322.88 != 4222.88
2018-12-28 09:40:16,929-ERROR-my_log.py--tingzi日志信息: 数据库账户余额4322.88，实际余额应为4222.88
2018-12-28 09:40:16,932-INFO-my_log.py--tingzi日志信息: ======================结束测试===========================
2018-12-28 09:40:16,938-INFO-my_log.py--tingzi日志信息: ======================开始测试===========================
2018-12-28 09:40:16,959-INFO-my_log.py--tingzi日志信息: 账户余额=4322.88
2018-12-28 09:40:16,961-INFO-my_log.py--tingzi日志信息: ============测试用例的title为： 充值金额：0==============case_id=6
2018-12-28 09:40:16,998-ERROR-my_log.py--tingzi日志信息: 断言报错啦！，错误原因：'20117' != '10001'
- 20117
+ 10001

2018-12-28 09:40:17,002-ERROR-my_log.py--tingzi日志信息: 测试结果是：False
2018-12-28 09:40:17,135-ERROR-my_log.py--tingzi日志信息: 充值金额=0
2018-12-28 09:40:17,139-ERROR-my_log.py--tingzi日志信息: 用户实际余额=4322.88
2018-12-28 09:40:17,158-ERROR-my_log.py--tingzi日志信息: 账户余额正确！
2018-12-28 09:40:17,162-INFO-my_log.py--tingzi日志信息: ======================结束测试===========================
2018-12-28 09:40:17,166-INFO-my_log.py--tingzi日志信息: ======================开始测试===========================
2018-12-28 09:40:17,187-INFO-my_log.py--tingzi日志信息: 账户余额=4322.88
2018-12-28 09:40:17,189-INFO-my_log.py--tingzi日志信息: ============测试用例的title为： 充值金额：-10==============case_id=7
2018-12-28 09:40:17,212-ERROR-my_log.py--tingzi日志信息: 测试结果是：PASS
2018-12-28 09:40:17,323-ERROR-my_log.py--tingzi日志信息: 充值金额= 0
2018-12-28 09:40:17,329-ERROR-my_log.py--tingzi日志信息: 用户实际余额=4322.88
2018-12-28 09:40:17,349-ERROR-my_log.py--tingzi日志信息: 账户余额正确！
2018-12-28 09:40:17,351-INFO-my_log.py--tingzi日志信息: ======================结束测试===========================
2018-12-28 09:40:17,354-INFO-my_log.py--tingzi日志信息: ======================开始测试===========================
2018-12-28 09:40:17,377-INFO-my_log.py--tingzi日志信息: 账户余额=4322.88
2018-12-28 09:40:17,382-INFO-my_log.py--tingzi日志信息: ============测试用例的title为： 充值金额：100@！==============case_id=8
2018-12-28 09:40:17,405-ERROR-my_log.py--tingzi日志信息: 测试结果是：PASS
2018-12-28 09:40:17,515-ERROR-my_log.py--tingzi日志信息: 充值金额= 0
2018-12-28 09:40:17,518-ERROR-my_log.py--tingzi日志信息: 用户实际余额=4322.88
2018-12-28 09:40:17,537-ERROR-my_log.py--tingzi日志信息: 账户余额正确！
2018-12-28 09:40:17,539-INFO-my_log.py--tingzi日志信息: ======================结束测试===========================
2018-12-28 09:40:17,542-INFO-my_log.py--tingzi日志信息: ======================开始测试===========================
2018-12-28 09:40:17,562-INFO-my_log.py--tingzi日志信息: 账户余额=4322.88
2018-12-28 09:40:17,564-INFO-my_log.py--tingzi日志信息: ============测试用例的title为： 充值金额：100.88==============case_id=9
2018-12-28 09:40:17,614-ERROR-my_log.py--tingzi日志信息: 测试结果是：PASS
2018-12-28 09:40:17,788-ERROR-my_log.py--tingzi日志信息: 充值金额=100.88
2018-12-28 09:40:17,794-ERROR-my_log.py--tingzi日志信息: 用户实际余额=4423.76
2018-12-28 09:40:17,815-ERROR-my_log.py--tingzi日志信息: 账户余额正确！
2018-12-28 09:40:17,817-INFO-my_log.py--tingzi日志信息: ======================结束测试===========================
2018-12-28 09:40:17,822-INFO-my_log.py--tingzi日志信息: ======================开始测试===========================
2018-12-28 09:40:17,842-INFO-my_log.py--tingzi日志信息: 账户余额=4423.76
2018-12-28 09:40:17,846-INFO-my_log.py--tingzi日志信息: ============测试用例的title为： 充值金额：100.555==============case_id=10
2018-12-28 09:40:17,872-ERROR-my_log.py--tingzi日志信息: 测试结果是：PASS
2018-12-28 09:40:18,021-ERROR-my_log.py--tingzi日志信息: 充值金额= 0
2018-12-28 09:40:18,026-ERROR-my_log.py--tingzi日志信息: 用户实际余额=4423.76
2018-12-28 09:40:18,059-ERROR-my_log.py--tingzi日志信息: 账户余额正确！
2018-12-28 09:40:18,062-INFO-my_log.py--tingzi日志信息: ======================结束测试===========================
